
  .   ____          _            __ _ _
 /\\ / ___'_ __ _ _(_)_ __  __ _ \ \ \ \
( ( )\___ | '_ | '_| | '_ \/ _` | \ \ \ \
 \\/  ___)| |_)| | | | | || (_| |  ) ) ) )
  '  |____| .__|_| |_|_| |_\__, | / / / /
 =========|_|==============|___/=/_/_/_/

 :: Spring Boot ::                (v3.3.4)

2026-09-09T23:35:47.543+06:00  INFO 27429 --- [           main] com.ewaste.server.EWasteServerApp        : Starting EWasteServerApp using Java 25 with PID 27429 (/Users/naziahasan/Desktop/4th SEMESTER/Design Pattern/MiniSPL2/E_Waste_Collection_App/server/target/server-1.0-SNAPSHOT.jar started by naziahasan in /Users/naziahasan/Desktop/4th SEMESTER/Design Pattern/MiniSPL2/E_Waste_Collection_App)
2026-09-09T23:35:47.544+06:00  INFO 27429 --- [           main] com.ewaste.server.EWasteServerApp        : No active profile set, falling back to 1 default profile: "default"
WARNING: A restricted method in java.lang.System has been called
WARNING: java.lang.System::load has been called by org.apache.tomcat.jni.Library in an unnamed module (jar:nested:/Users/naziahasan/Desktop/4th%20SEMESTER/Design%20Pattern/MiniSPL2/E_Waste_Collection_App/server/target/server-1.0-SNAPSHOT.jar/!BOOT-INF/lib/tomcat-embed-core-10.1.30.jar!/)
WARNING: Use --enable-native-access=ALL-UNNAMED to avoid a warning for callers in this module
WARNING: Restricted methods will be blocked in a future release unless native access is enabled

2026-09-09T23:35:48.305+06:00  INFO 27429 --- [           main] o.s.b.w.embedded.tomcat.TomcatWebServer  : Tomcat initialized with port 8080 (http)
2026-09-09T23:35:48.314+06:00  INFO 27429 --- [           main] o.apache.catalina.core.StandardService   : Starting service [Tomcat]
2026-09-09T23:35:48.314+06:00  INFO 27429 --- [           main] o.apache.catalina.core.StandardEngine    : Starting Servlet engine: [Apache Tomcat/10.1.30]
2026-09-09T23:35:48.339+06:00  INFO 27429 --- [           main] o.a.c.c.C.[Tomcat].[localhost].[/]       : Initializing Spring embedded WebApplicationContext
2026-09-09T23:35:48.339+06:00  INFO 27429 --- [           main] w.s.c.ServletWebServerApplicationContext : Root WebApplicationContext: initialization completed in 767 ms
2026-09-09T23:35:48.906+06:00  WARN 27429 --- [           main] .s.s.UserDetailsServiceAutoConfiguration : 

Using generated security password: 5f4b278d-74c4-4635-8a8f-b38e155567be

This generated password is for development use only. Your security configuration must be updated before running your application in production.

2026-09-09T23:35:48.926+06:00  INFO 27429 --- [           main] r$InitializeUserDetailsManagerConfigurer : Global AuthenticationManager configured with UserDetailsService bean with name inMemoryUserDetailsManager
2026-09-09T23:35:49.165+06:00  WARN 27429 --- [           main] ConfigServletWebServerApplicationContext : Exception encountered during context initialization - cancelling refresh attempt: org.springframework.context.ApplicationContextException: Failed to start bean 'webServerStartStop'
2026-09-09T23:35:49.175+06:00  INFO 27429 --- [           main] .s.b.a.l.ConditionEvaluationReportLogger : 

Error starting ApplicationContext. To display the condition evaluation report re-run your application with 'debug' enabled.
2026-09-09T23:35:49.183+06:00 ERROR 27429 --- [           main] o.s.b.d.LoggingFailureAnalysisReporter   : 

***************************
APPLICATION FAILED TO START
***************************

Description:

Web server failed to start. Port 8080 was already in use.

Action:

Identify and stop the process that's listening on port 8080 or configure this application to listen on another port.

